// Jest Snapshot v1, https://goo.gl/fbAQLP

exports[`<Hero /> renders correctly 1`] = `
<div>
  <div
    class="hero"
  >
    <div
      class="background d-flex"
    >
      <div
        class="hero-texture d-none d-lg-block"
        style="border-color: #ffffff; background-image: url(https://example.com/avengersx-texture-image-440x400.png);"
      />
      <div
        class="hero-img"
        style="border-color: #ffffff; background-image: url(https://example.com/avengersx-cover-image-1000x400.png);"
      />
    </div>
    <div
      class="container py-3"
    >
      <div
        class="row"
      >
        <div
          class="col-xs-9 col-lg-6"
        >
          <div
            class="hero-box bg-white p-4 d-sm-inline-block"
            style="border-color: #ffffff;"
          >
            <h1
              class="hero-heading m-0"
            >
              Example Title
            </h1>
          </div>
        </div>
      </div>
      <div
        class="row hero-logo-wrapper"
      >
        <div
          class="col-12 col-lg-4 offset-lg-8 text-lg-right"
        >
          <div
            class="hero-logo bg-white pl-3 pr-5 d-sm-inline-block text-left"
            style="border-color: #ffffff;"
          >
            <img
              alt="Avengers logo"
              src="https://example.com/avengersx-logo-200x101.png"
            />
          </div>
        </div>
      </div>
    </div>
  </div>
</div>
`;
